destination:
  service: world.default.svc.cluster.local
route:
  - destination:
      service: vm_byon_corp_com.default.svc.cluster.local
    weight: 90
  - destination:
      service: k8s_byon_corp_com.default.svc.cluster.local
    weight: 10
